(process_data_cmx) root@mm-fudan-chai-l20-1-0:/opt/nas/p/mm/ie_env/cmx/magicgui/Magic-RICH# git push
Missing or invalid credentials.
Error: connect ECONNREFUSED /tmp/vscode-git-62e6bccc00.sock
    at PipeConnectWrap.afterConnect [as oncomplete] (node:net:1595:16) {
  errno: -111,
  code: 'ECONNREFUSED',
  syscall: 'connect',
  address: '/tmp/vscode-git-62e6bccc00.sock'
}
Missing or invalid credentials.
Error: connect ECONNREFUSED /tmp/vscode-git-62e6bccc00.sock
    at PipeConnectWrap.afterConnect [as oncomplete] (node:net:1595:16) {
  errno: -111,
  code: 'ECONNREFUSED',
  syscall: 'connect',
  address: '/tmp/vscode-git-62e6bccc00.sock'
}
remote: Invalid username or password.
fatal: Authentication failed for 'https://huggingface.co/datasets/GUIAgent/Magic-RICH/'
(process_data_cmx) root@mm-fudan-chai-l20-1-0:/opt/nas/p/mm/ie_env/cmx/magicgui/Magic-RICH# git status
On branch main
Your branch is ahead of 'origin/main' by 1 commit.
  (use "git push" to publish your local commits)

nothing to commit, working tree clean
